[2026-05-21T12:42:48.334+0000] {local_task_job_runner.py:123} INFO - ::group::Pre task execution logs
[2026-05-21T12:42:48.363+0000] {taskinstance.py:2614} INFO - Dependencies all met for dep_context=non-requeueable deps ti=<TaskInstance: retail_sales_data_engineering_pipeline.run_python_data_quality_checks manual__2026-05-21T12:42:37.301040+00:00 [queued]>
[2026-05-21T12:42:48.380+0000] {taskinstance.py:2614} INFO - Dependencies all met for dep_context=requeueable deps ti=<TaskInstance: retail_sales_data_engineering_pipeline.run_python_data_quality_checks manual__2026-05-21T12:42:37.301040+00:00 [queued]>
[2026-05-21T12:42:48.381+0000] {taskinstance.py:2867} INFO - Starting attempt 1 of 2
[2026-05-21T12:42:48.400+0000] {taskinstance.py:2890} INFO - Executing <Task(BashOperator): run_python_data_quality_checks> on 2026-05-21 12:42:37.301040+00:00
[2026-05-21T12:42:48.410+0000] {standard_task_runner.py:72} INFO - Started process 330 to run task
[2026-05-21T12:42:48.414+0000] {standard_task_runner.py:104} INFO - Running: ['***', 'tasks', 'run', 'retail_sales_data_engineering_pipeline', 'run_python_data_quality_checks', 'manual__2026-05-21T12:42:37.301040+00:00', '--job-id', '8', '--raw', '--subdir', 'DAGS_FOLDER/retail_sales_pipeline_dag.py', '--cfg-path', '/tmp/tmp6b2raj13']
[2026-05-21T12:42:48.419+0000] {standard_task_runner.py:105} INFO - Job 8: Subtask run_python_data_quality_checks
[2026-05-21T12:42:48.505+0000] {task_command.py:467} INFO - Running <TaskInstance: retail_sales_data_engineering_pipeline.run_python_data_quality_checks manual__2026-05-21T12:42:37.301040+00:00 [running]> on host 770bad4cc766
[2026-05-21T12:42:48.644+0000] {taskinstance.py:3134} INFO - Exporting env vars: AIRFLOW_CTX_DAG_OWNER='data_engineering_team' AIRFLOW_CTX_DAG_ID='retail_sales_data_engineering_pipeline' AIRFLOW_CTX_TASK_ID='run_python_data_quality_checks' AIRFLOW_CTX_EXECUTION_DATE='2026-05-21T12:42:37.301040+00:00' AIRFLOW_CTX_TRY_NUMBER='1' AIRFLOW_CTX_DAG_RUN_ID='manual__2026-05-21T12:42:37.301040+00:00'
[2026-05-21T12:42:48.646+0000] {taskinstance.py:732} INFO - ::endgroup::
[2026-05-21T12:42:48.682+0000] {subprocess.py:78} INFO - Tmp dir root location: /tmp
[2026-05-21T12:42:48.686+0000] {subprocess.py:88} INFO - Running command: ['/usr/bin/bash', '-c', 'cd /opt/***/retail-sales-data-engineering-pipeline && python src/validation/data_quality_checks.py']
[2026-05-21T12:42:48.708+0000] {subprocess.py:99} INFO - Output:
[2026-05-21T12:42:50.559+0000] {subprocess.py:106} INFO - Connecting to PostgreSQL: user=retail_user, host=postgres, port=5432, database=retail_db
[2026-05-21T12:42:50.562+0000] {subprocess.py:106} INFO - raw_customers checks passed
[2026-05-21T12:42:50.563+0000] {subprocess.py:106} INFO - Connecting to PostgreSQL: user=retail_user, host=postgres, port=5432, database=retail_db
[2026-05-21T12:42:50.564+0000] {subprocess.py:106} INFO - raw_products checks passed
[2026-05-21T12:42:50.566+0000] {subprocess.py:106} INFO - Connecting to PostgreSQL: user=retail_user, host=postgres, port=5432, database=retail_db
[2026-05-21T12:42:50.568+0000] {subprocess.py:106} INFO - raw_orders checks passed
[2026-05-21T12:42:50.569+0000] {subprocess.py:106} INFO - Connecting to PostgreSQL: user=retail_user, host=postgres, port=5432, database=retail_db
[2026-05-21T12:42:50.570+0000] {subprocess.py:106} INFO - raw_order_items checks passed
[2026-05-21T12:42:50.572+0000] {subprocess.py:106} INFO - Connecting to PostgreSQL: user=retail_user, host=postgres, port=5432, database=retail_db
[2026-05-21T12:42:50.574+0000] {subprocess.py:106} INFO - raw_inventory checks passed
[2026-05-21T12:42:50.575+0000] {subprocess.py:106} INFO - All data quality checks passed successfully.
[2026-05-21T12:42:50.736+0000] {subprocess.py:110} INFO - Command exited with return code 0
[2026-05-21T12:42:50.774+0000] {taskinstance.py:341} INFO - ::group::Post task execution logs
[2026-05-21T12:42:50.775+0000] {taskinstance.py:353} INFO - Marking task as SUCCESS. dag_id=retail_sales_data_engineering_pipeline, task_id=run_python_data_quality_checks, run_id=manual__2026-05-21T12:42:37.301040+00:00, execution_date=20260521T124237, start_date=20260521T124248, end_date=20260521T124250
[2026-05-21T12:42:50.839+0000] {local_task_job_runner.py:266} INFO - Task exited with return code 0
[2026-05-21T12:42:50.863+0000] {local_task_job_runner.py:245} INFO - ::endgroup::
