[2026-05-21T12:42:44.306+0000] {local_task_job_runner.py:123} INFO - ::group::Pre task execution logs
[2026-05-21T12:42:44.331+0000] {taskinstance.py:2614} INFO - Dependencies all met for dep_context=non-requeueable deps ti=<TaskInstance: retail_sales_data_engineering_pipeline.ingest_csv_to_postgres manual__2026-05-21T12:42:37.301040+00:00 [queued]>
[2026-05-21T12:42:44.345+0000] {taskinstance.py:2614} INFO - Dependencies all met for dep_context=requeueable deps ti=<TaskInstance: retail_sales_data_engineering_pipeline.ingest_csv_to_postgres manual__2026-05-21T12:42:37.301040+00:00 [queued]>
[2026-05-21T12:42:44.346+0000] {taskinstance.py:2867} INFO - Starting attempt 1 of 2
[2026-05-21T12:42:44.361+0000] {taskinstance.py:2890} INFO - Executing <Task(BashOperator): ingest_csv_to_postgres> on 2026-05-21 12:42:37.301040+00:00
[2026-05-21T12:42:44.370+0000] {standard_task_runner.py:72} INFO - Started process 296 to run task
[2026-05-21T12:42:44.374+0000] {standard_task_runner.py:104} INFO - Running: ['***', 'tasks', 'run', 'retail_sales_data_engineering_pipeline', 'ingest_csv_to_postgres', 'manual__2026-05-21T12:42:37.301040+00:00', '--job-id', '7', '--raw', '--subdir', 'DAGS_FOLDER/retail_sales_pipeline_dag.py', '--cfg-path', '/tmp/tmp9jex43yh']
[2026-05-21T12:42:44.378+0000] {standard_task_runner.py:105} INFO - Job 7: Subtask ingest_csv_to_postgres
[2026-05-21T12:42:44.444+0000] {task_command.py:467} INFO - Running <TaskInstance: retail_sales_data_engineering_pipeline.ingest_csv_to_postgres manual__2026-05-21T12:42:37.301040+00:00 [running]> on host 770bad4cc766
[2026-05-21T12:42:44.613+0000] {taskinstance.py:3134} INFO - Exporting env vars: AIRFLOW_CTX_DAG_OWNER='data_engineering_team' AIRFLOW_CTX_DAG_ID='retail_sales_data_engineering_pipeline' AIRFLOW_CTX_TASK_ID='ingest_csv_to_postgres' AIRFLOW_CTX_EXECUTION_DATE='2026-05-21T12:42:37.301040+00:00' AIRFLOW_CTX_TRY_NUMBER='1' AIRFLOW_CTX_DAG_RUN_ID='manual__2026-05-21T12:42:37.301040+00:00'
[2026-05-21T12:42:44.616+0000] {taskinstance.py:732} INFO - ::endgroup::
[2026-05-21T12:42:44.643+0000] {subprocess.py:78} INFO - Tmp dir root location: /tmp
[2026-05-21T12:42:44.647+0000] {subprocess.py:88} INFO - Running command: ['/usr/bin/bash', '-c', 'cd /opt/***/retail-sales-data-engineering-pipeline && python src/ingestion/ingest_csv_to_postgres.py']
[2026-05-21T12:42:44.672+0000] {subprocess.py:99} INFO - Output:
[2026-05-21T12:42:47.289+0000] {subprocess.py:106} INFO - Reading file: data/raw/customers.csv
[2026-05-21T12:42:47.291+0000] {subprocess.py:106} INFO - Loading data into PostgreSQL table: raw_customers
[2026-05-21T12:42:47.292+0000] {subprocess.py:106} INFO - Connecting to PostgreSQL: user=retail_user, host=postgres, port=5432, database=retail_db
[2026-05-21T12:42:47.294+0000] {subprocess.py:106} INFO - Table already exists. Truncating table: raw_customers
[2026-05-21T12:42:47.295+0000] {subprocess.py:106} INFO - Loaded 500 records into table: raw_customers
[2026-05-21T12:42:47.297+0000] {subprocess.py:106} INFO - Loaded 500 records into table: raw_customers
[2026-05-21T12:42:47.298+0000] {subprocess.py:106} INFO - Reading file: data/raw/products.csv
[2026-05-21T12:42:47.300+0000] {subprocess.py:106} INFO - Loading data into PostgreSQL table: raw_products
[2026-05-21T12:42:47.301+0000] {subprocess.py:106} INFO - Connecting to PostgreSQL: user=retail_user, host=postgres, port=5432, database=retail_db
[2026-05-21T12:42:47.302+0000] {subprocess.py:106} INFO - Table already exists. Truncating table: raw_products
[2026-05-21T12:42:47.303+0000] {subprocess.py:106} INFO - Loaded 100 records into table: raw_products
[2026-05-21T12:42:47.304+0000] {subprocess.py:106} INFO - Loaded 100 records into table: raw_products
[2026-05-21T12:42:47.305+0000] {subprocess.py:106} INFO - Reading file: data/raw/orders.csv
[2026-05-21T12:42:47.307+0000] {subprocess.py:106} INFO - Loading data into PostgreSQL table: raw_orders
[2026-05-21T12:42:47.308+0000] {subprocess.py:106} INFO - Connecting to PostgreSQL: user=retail_user, host=postgres, port=5432, database=retail_db
[2026-05-21T12:42:47.309+0000] {subprocess.py:106} INFO - Table already exists. Truncating table: raw_orders
[2026-05-21T12:42:47.311+0000] {subprocess.py:106} INFO - Loaded 1000 records into table: raw_orders
[2026-05-21T12:42:47.313+0000] {subprocess.py:106} INFO - Loaded 1000 records into table: raw_orders
[2026-05-21T12:42:47.314+0000] {subprocess.py:106} INFO - Reading file: data/raw/order_items.csv
[2026-05-21T12:42:47.315+0000] {subprocess.py:106} INFO - Loading data into PostgreSQL table: raw_order_items
[2026-05-21T12:42:47.317+0000] {subprocess.py:106} INFO - Connecting to PostgreSQL: user=retail_user, host=postgres, port=5432, database=retail_db
[2026-05-21T12:42:47.318+0000] {subprocess.py:106} INFO - Table already exists. Truncating table: raw_order_items
[2026-05-21T12:42:47.319+0000] {subprocess.py:106} INFO - Loaded 2996 records into table: raw_order_items
[2026-05-21T12:42:47.321+0000] {subprocess.py:106} INFO - Loaded 2996 records into table: raw_order_items
[2026-05-21T12:42:47.322+0000] {subprocess.py:106} INFO - Reading file: data/raw/inventory.csv
[2026-05-21T12:42:47.323+0000] {subprocess.py:106} INFO - Loading data into PostgreSQL table: raw_inventory
[2026-05-21T12:42:47.324+0000] {subprocess.py:106} INFO - Connecting to PostgreSQL: user=retail_user, host=postgres, port=5432, database=retail_db
[2026-05-21T12:42:47.325+0000] {subprocess.py:106} INFO - Table already exists. Truncating table: raw_inventory
[2026-05-21T12:42:47.326+0000] {subprocess.py:106} INFO - Loaded 100 records into table: raw_inventory
[2026-05-21T12:42:47.327+0000] {subprocess.py:106} INFO - Loaded 100 records into table: raw_inventory
[2026-05-21T12:42:47.328+0000] {subprocess.py:106} INFO - CSV ingestion completed successfully.
[2026-05-21T12:42:47.454+0000] {subprocess.py:110} INFO - Command exited with return code 0
[2026-05-21T12:42:47.502+0000] {taskinstance.py:341} INFO - ::group::Post task execution logs
[2026-05-21T12:42:47.504+0000] {taskinstance.py:353} INFO - Marking task as SUCCESS. dag_id=retail_sales_data_engineering_pipeline, task_id=ingest_csv_to_postgres, run_id=manual__2026-05-21T12:42:37.301040+00:00, execution_date=20260521T124237, start_date=20260521T124244, end_date=20260521T124247
[2026-05-21T12:42:47.564+0000] {local_task_job_runner.py:266} INFO - Task exited with return code 0
[2026-05-21T12:42:47.597+0000] {taskinstance.py:3901} INFO - 1 downstream tasks scheduled from follow-on schedule check
[2026-05-21T12:42:47.600+0000] {local_task_job_runner.py:245} INFO - ::endgroup::
