[2026-05-21T12:42:38.401+0000] {local_task_job_runner.py:123} INFO - ::group::Pre task execution logs
[2026-05-21T12:42:38.430+0000] {taskinstance.py:2614} INFO - Dependencies all met for dep_context=non-requeueable deps ti=<TaskInstance: retail_sales_data_engineering_pipeline.generate_retail_data manual__2026-05-21T12:42:37.301040+00:00 [queued]>
[2026-05-21T12:42:38.445+0000] {taskinstance.py:2614} INFO - Dependencies all met for dep_context=requeueable deps ti=<TaskInstance: retail_sales_data_engineering_pipeline.generate_retail_data manual__2026-05-21T12:42:37.301040+00:00 [queued]>
[2026-05-21T12:42:38.447+0000] {taskinstance.py:2867} INFO - Starting attempt 1 of 2
[2026-05-21T12:42:38.472+0000] {taskinstance.py:2890} INFO - Executing <Task(BashOperator): generate_retail_data> on 2026-05-21 12:42:37.301040+00:00
[2026-05-21T12:42:38.495+0000] {standard_task_runner.py:104} INFO - Running: ['***', 'tasks', 'run', 'retail_sales_data_engineering_pipeline', 'generate_retail_data', 'manual__2026-05-21T12:42:37.301040+00:00', '--job-id', '6', '--raw', '--subdir', 'DAGS_FOLDER/retail_sales_pipeline_dag.py', '--cfg-path', '/tmp/tmprk2fd_eu']
[2026-05-21T12:42:38.490+0000] {standard_task_runner.py:72} INFO - Started process 278 to run task
[2026-05-21T12:42:38.500+0000] {standard_task_runner.py:105} INFO - Job 6: Subtask generate_retail_data
[2026-05-21T12:42:38.736+0000] {task_command.py:467} INFO - Running <TaskInstance: retail_sales_data_engineering_pipeline.generate_retail_data manual__2026-05-21T12:42:37.301040+00:00 [running]> on host 770bad4cc766
[2026-05-21T12:42:38.984+0000] {taskinstance.py:3134} INFO - Exporting env vars: AIRFLOW_CTX_DAG_OWNER='data_engineering_team' AIRFLOW_CTX_DAG_ID='retail_sales_data_engineering_pipeline' AIRFLOW_CTX_TASK_ID='generate_retail_data' AIRFLOW_CTX_EXECUTION_DATE='2026-05-21T12:42:37.301040+00:00' AIRFLOW_CTX_TRY_NUMBER='1' AIRFLOW_CTX_DAG_RUN_ID='manual__2026-05-21T12:42:37.301040+00:00'
[2026-05-21T12:42:38.987+0000] {taskinstance.py:732} INFO - ::endgroup::
[2026-05-21T12:42:39.023+0000] {subprocess.py:78} INFO - Tmp dir root location: /tmp
[2026-05-21T12:42:39.026+0000] {subprocess.py:88} INFO - Running command: ['/usr/bin/bash', '-c', 'cd /opt/***/retail-sales-data-engineering-pipeline && python src/data_generation/generate_retail_data.py']
[2026-05-21T12:42:39.060+0000] {subprocess.py:99} INFO - Output:
[2026-05-21T12:42:43.208+0000] {subprocess.py:106} INFO - Generated file: data/raw/customers.csv | Rows: 500
[2026-05-21T12:42:43.210+0000] {subprocess.py:106} INFO - Generated file: data/raw/products.csv | Rows: 100
[2026-05-21T12:42:43.211+0000] {subprocess.py:106} INFO - Generated file: data/raw/orders.csv | Rows: 1000
[2026-05-21T12:42:43.213+0000] {subprocess.py:106} INFO - Generated file: data/raw/order_items.csv | Rows: 2996
[2026-05-21T12:42:43.216+0000] {subprocess.py:106} INFO - Generated file: data/raw/inventory.csv | Rows: 100
[2026-05-21T12:42:43.221+0000] {subprocess.py:106} INFO - Retail source data generated successfully.
[2026-05-21T12:42:43.362+0000] {subprocess.py:110} INFO - Command exited with return code 0
[2026-05-21T12:42:43.396+0000] {taskinstance.py:341} INFO - ::group::Post task execution logs
[2026-05-21T12:42:43.398+0000] {taskinstance.py:353} INFO - Marking task as SUCCESS. dag_id=retail_sales_data_engineering_pipeline, task_id=generate_retail_data, run_id=manual__2026-05-21T12:42:37.301040+00:00, execution_date=20260521T124237, start_date=20260521T124238, end_date=20260521T124243
[2026-05-21T12:42:43.478+0000] {local_task_job_runner.py:266} INFO - Task exited with return code 0
[2026-05-21T12:42:43.510+0000] {taskinstance.py:3901} INFO - 1 downstream tasks scheduled from follow-on schedule check
[2026-05-21T12:42:43.514+0000] {local_task_job_runner.py:245} INFO - ::endgroup::
