[2026-05-21T12:42:34.002+0000] {local_task_job_runner.py:123} INFO - ::group::Pre task execution logs
[2026-05-21T12:42:34.032+0000] {taskinstance.py:2614} INFO - Dependencies all met for dep_context=non-requeueable deps ti=<TaskInstance: retail_sales_data_engineering_pipeline.run_python_data_quality_checks scheduled__2026-05-20T00:00:00+00:00 [queued]>
[2026-05-21T12:42:34.050+0000] {taskinstance.py:2614} INFO - Dependencies all met for dep_context=requeueable deps ti=<TaskInstance: retail_sales_data_engineering_pipeline.run_python_data_quality_checks scheduled__2026-05-20T00:00:00+00:00 [queued]>
[2026-05-21T12:42:34.052+0000] {taskinstance.py:2867} INFO - Starting attempt 1 of 2
[2026-05-21T12:42:34.068+0000] {taskinstance.py:2890} INFO - Executing <Task(BashOperator): run_python_data_quality_checks> on 2026-05-20 00:00:00+00:00
[2026-05-21T12:42:34.078+0000] {standard_task_runner.py:72} INFO - Started process 262 to run task
[2026-05-21T12:42:34.082+0000] {standard_task_runner.py:104} INFO - Running: ['***', 'tasks', 'run', 'retail_sales_data_engineering_pipeline', 'run_python_data_quality_checks', 'scheduled__2026-05-20T00:00:00+00:00', '--job-id', '4', '--raw', '--subdir', 'DAGS_FOLDER/retail_sales_pipeline_dag.py', '--cfg-path', '/tmp/tmpeom5ej66']
[2026-05-21T12:42:34.086+0000] {standard_task_runner.py:105} INFO - Job 4: Subtask run_python_data_quality_checks
[2026-05-21T12:42:34.159+0000] {task_command.py:467} INFO - Running <TaskInstance: retail_sales_data_engineering_pipeline.run_python_data_quality_checks scheduled__2026-05-20T00:00:00+00:00 [running]> on host 770bad4cc766
[2026-05-21T12:42:34.308+0000] {taskinstance.py:3134} INFO - Exporting env vars: AIRFLOW_CTX_DAG_OWNER='data_engineering_team' AIRFLOW_CTX_DAG_ID='retail_sales_data_engineering_pipeline' AIRFLOW_CTX_TASK_ID='run_python_data_quality_checks' AIRFLOW_CTX_EXECUTION_DATE='2026-05-20T00:00:00+00:00' AIRFLOW_CTX_TRY_NUMBER='1' AIRFLOW_CTX_DAG_RUN_ID='scheduled__2026-05-20T00:00:00+00:00'
[2026-05-21T12:42:34.310+0000] {taskinstance.py:732} INFO - ::endgroup::
[2026-05-21T12:42:34.331+0000] {subprocess.py:78} INFO - Tmp dir root location: /tmp
[2026-05-21T12:42:34.335+0000] {subprocess.py:88} INFO - Running command: ['/usr/bin/bash', '-c', 'cd /opt/***/retail-sales-data-engineering-pipeline && python src/validation/data_quality_checks.py']
[2026-05-21T12:42:34.355+0000] {subprocess.py:99} INFO - Output:
[2026-05-21T12:42:35.860+0000] {subprocess.py:106} INFO - Connecting to PostgreSQL: user=retail_user, host=postgres, port=5432, database=retail_db
[2026-05-21T12:42:35.862+0000] {subprocess.py:106} INFO - raw_customers checks passed
[2026-05-21T12:42:35.863+0000] {subprocess.py:106} INFO - Connecting to PostgreSQL: user=retail_user, host=postgres, port=5432, database=retail_db
[2026-05-21T12:42:35.864+0000] {subprocess.py:106} INFO - raw_products checks passed
[2026-05-21T12:42:35.865+0000] {subprocess.py:106} INFO - Connecting to PostgreSQL: user=retail_user, host=postgres, port=5432, database=retail_db
[2026-05-21T12:42:35.866+0000] {subprocess.py:106} INFO - raw_orders checks passed
[2026-05-21T12:42:35.867+0000] {subprocess.py:106} INFO - Connecting to PostgreSQL: user=retail_user, host=postgres, port=5432, database=retail_db
[2026-05-21T12:42:35.869+0000] {subprocess.py:106} INFO - raw_order_items checks passed
[2026-05-21T12:42:35.870+0000] {subprocess.py:106} INFO - Connecting to PostgreSQL: user=retail_user, host=postgres, port=5432, database=retail_db
[2026-05-21T12:42:35.871+0000] {subprocess.py:106} INFO - raw_inventory checks passed
[2026-05-21T12:42:35.872+0000] {subprocess.py:106} INFO - All data quality checks passed successfully.
[2026-05-21T12:42:36.053+0000] {subprocess.py:110} INFO - Command exited with return code 0
[2026-05-21T12:42:36.098+0000] {taskinstance.py:341} INFO - ::group::Post task execution logs
[2026-05-21T12:42:36.100+0000] {taskinstance.py:353} INFO - Marking task as SUCCESS. dag_id=retail_sales_data_engineering_pipeline, task_id=run_python_data_quality_checks, run_id=scheduled__2026-05-20T00:00:00+00:00, execution_date=20260520T000000, start_date=20260521T124234, end_date=20260521T124236
[2026-05-21T12:42:36.187+0000] {local_task_job_runner.py:266} INFO - Task exited with return code 0
[2026-05-21T12:42:36.231+0000] {taskinstance.py:3901} INFO - 1 downstream tasks scheduled from follow-on schedule check
[2026-05-21T12:42:36.233+0000] {local_task_job_runner.py:245} INFO - ::endgroup::
