[2026-05-21T12:42:30.453+0000] {local_task_job_runner.py:123} INFO - ::group::Pre task execution logs
[2026-05-21T12:42:30.477+0000] {taskinstance.py:2614} INFO - Dependencies all met for dep_context=non-requeueable deps ti=<TaskInstance: retail_sales_data_engineering_pipeline.ingest_csv_to_postgres scheduled__2026-05-20T00:00:00+00:00 [queued]>
[2026-05-21T12:42:30.492+0000] {taskinstance.py:2614} INFO - Dependencies all met for dep_context=requeueable deps ti=<TaskInstance: retail_sales_data_engineering_pipeline.ingest_csv_to_postgres scheduled__2026-05-20T00:00:00+00:00 [queued]>
[2026-05-21T12:42:30.494+0000] {taskinstance.py:2867} INFO - Starting attempt 1 of 2
[2026-05-21T12:42:30.510+0000] {taskinstance.py:2890} INFO - Executing <Task(BashOperator): ingest_csv_to_postgres> on 2026-05-20 00:00:00+00:00
[2026-05-21T12:42:30.519+0000] {standard_task_runner.py:72} INFO - Started process 250 to run task
[2026-05-21T12:42:30.523+0000] {standard_task_runner.py:104} INFO - Running: ['***', 'tasks', 'run', 'retail_sales_data_engineering_pipeline', 'ingest_csv_to_postgres', 'scheduled__2026-05-20T00:00:00+00:00', '--job-id', '3', '--raw', '--subdir', 'DAGS_FOLDER/retail_sales_pipeline_dag.py', '--cfg-path', '/tmp/tmpcmmu_ink']
[2026-05-21T12:42:30.529+0000] {standard_task_runner.py:105} INFO - Job 3: Subtask ingest_csv_to_postgres
[2026-05-21T12:42:30.593+0000] {task_command.py:467} INFO - Running <TaskInstance: retail_sales_data_engineering_pipeline.ingest_csv_to_postgres scheduled__2026-05-20T00:00:00+00:00 [running]> on host 770bad4cc766
[2026-05-21T12:42:30.713+0000] {taskinstance.py:3134} INFO - Exporting env vars: AIRFLOW_CTX_DAG_OWNER='data_engineering_team' AIRFLOW_CTX_DAG_ID='retail_sales_data_engineering_pipeline' AIRFLOW_CTX_TASK_ID='ingest_csv_to_postgres' AIRFLOW_CTX_EXECUTION_DATE='2026-05-20T00:00:00+00:00' AIRFLOW_CTX_TRY_NUMBER='1' AIRFLOW_CTX_DAG_RUN_ID='scheduled__2026-05-20T00:00:00+00:00'
[2026-05-21T12:42:30.715+0000] {taskinstance.py:732} INFO - ::endgroup::
[2026-05-21T12:42:30.734+0000] {subprocess.py:78} INFO - Tmp dir root location: /tmp
[2026-05-21T12:42:30.737+0000] {subprocess.py:88} INFO - Running command: ['/usr/bin/bash', '-c', 'cd /opt/***/retail-sales-data-engineering-pipeline && python src/ingestion/ingest_csv_to_postgres.py']
[2026-05-21T12:42:30.763+0000] {subprocess.py:99} INFO - Output:
[2026-05-21T12:42:32.928+0000] {subprocess.py:106} INFO - Reading file: data/raw/customers.csv
[2026-05-21T12:42:32.929+0000] {subprocess.py:106} INFO - Loading data into PostgreSQL table: raw_customers
[2026-05-21T12:42:32.930+0000] {subprocess.py:106} INFO - Connecting to PostgreSQL: user=retail_user, host=postgres, port=5432, database=retail_db
[2026-05-21T12:42:32.931+0000] {subprocess.py:106} INFO - Table already exists. Truncating table: raw_customers
[2026-05-21T12:42:32.932+0000] {subprocess.py:106} INFO - Loaded 500 records into table: raw_customers
[2026-05-21T12:42:32.934+0000] {subprocess.py:106} INFO - Loaded 500 records into table: raw_customers
[2026-05-21T12:42:32.935+0000] {subprocess.py:106} INFO - Reading file: data/raw/products.csv
[2026-05-21T12:42:32.937+0000] {subprocess.py:106} INFO - Loading data into PostgreSQL table: raw_products
[2026-05-21T12:42:32.938+0000] {subprocess.py:106} INFO - Connecting to PostgreSQL: user=retail_user, host=postgres, port=5432, database=retail_db
[2026-05-21T12:42:32.940+0000] {subprocess.py:106} INFO - Table already exists. Truncating table: raw_products
[2026-05-21T12:42:32.942+0000] {subprocess.py:106} INFO - Loaded 100 records into table: raw_products
[2026-05-21T12:42:32.944+0000] {subprocess.py:106} INFO - Loaded 100 records into table: raw_products
[2026-05-21T12:42:32.946+0000] {subprocess.py:106} INFO - Reading file: data/raw/orders.csv
[2026-05-21T12:42:32.947+0000] {subprocess.py:106} INFO - Loading data into PostgreSQL table: raw_orders
[2026-05-21T12:42:32.949+0000] {subprocess.py:106} INFO - Connecting to PostgreSQL: user=retail_user, host=postgres, port=5432, database=retail_db
[2026-05-21T12:42:32.950+0000] {subprocess.py:106} INFO - Table already exists. Truncating table: raw_orders
[2026-05-21T12:42:32.952+0000] {subprocess.py:106} INFO - Loaded 1000 records into table: raw_orders
[2026-05-21T12:42:32.953+0000] {subprocess.py:106} INFO - Loaded 1000 records into table: raw_orders
[2026-05-21T12:42:32.954+0000] {subprocess.py:106} INFO - Reading file: data/raw/order_items.csv
[2026-05-21T12:42:32.955+0000] {subprocess.py:106} INFO - Loading data into PostgreSQL table: raw_order_items
[2026-05-21T12:42:32.956+0000] {subprocess.py:106} INFO - Connecting to PostgreSQL: user=retail_user, host=postgres, port=5432, database=retail_db
[2026-05-21T12:42:32.958+0000] {subprocess.py:106} INFO - Table already exists. Truncating table: raw_order_items
[2026-05-21T12:42:32.959+0000] {subprocess.py:106} INFO - Loaded 3027 records into table: raw_order_items
[2026-05-21T12:42:32.960+0000] {subprocess.py:106} INFO - Loaded 3027 records into table: raw_order_items
[2026-05-21T12:42:32.962+0000] {subprocess.py:106} INFO - Reading file: data/raw/inventory.csv
[2026-05-21T12:42:32.963+0000] {subprocess.py:106} INFO - Loading data into PostgreSQL table: raw_inventory
[2026-05-21T12:42:32.965+0000] {subprocess.py:106} INFO - Connecting to PostgreSQL: user=retail_user, host=postgres, port=5432, database=retail_db
[2026-05-21T12:42:32.967+0000] {subprocess.py:106} INFO - Table already exists. Truncating table: raw_inventory
[2026-05-21T12:42:32.968+0000] {subprocess.py:106} INFO - Loaded 100 records into table: raw_inventory
[2026-05-21T12:42:32.970+0000] {subprocess.py:106} INFO - Loaded 100 records into table: raw_inventory
[2026-05-21T12:42:32.972+0000] {subprocess.py:106} INFO - CSV ingestion completed successfully.
[2026-05-21T12:42:33.097+0000] {subprocess.py:110} INFO - Command exited with return code 0
[2026-05-21T12:42:33.135+0000] {taskinstance.py:341} INFO - ::group::Post task execution logs
[2026-05-21T12:42:33.136+0000] {taskinstance.py:353} INFO - Marking task as SUCCESS. dag_id=retail_sales_data_engineering_pipeline, task_id=ingest_csv_to_postgres, run_id=scheduled__2026-05-20T00:00:00+00:00, execution_date=20260520T000000, start_date=20260521T124230, end_date=20260521T124233
[2026-05-21T12:42:33.184+0000] {local_task_job_runner.py:266} INFO - Task exited with return code 0
[2026-05-21T12:42:33.218+0000] {taskinstance.py:3901} INFO - 1 downstream tasks scheduled from follow-on schedule check
[2026-05-21T12:42:33.221+0000] {local_task_job_runner.py:245} INFO - ::endgroup::
