[2026-05-21T12:42:24.020+0000] {local_task_job_runner.py:123} INFO - ::group::Pre task execution logs
[2026-05-21T12:42:24.066+0000] {taskinstance.py:2614} INFO - Dependencies all met for dep_context=non-requeueable deps ti=<TaskInstance: retail_sales_data_engineering_pipeline.generate_retail_data scheduled__2026-05-20T00:00:00+00:00 [queued]>
[2026-05-21T12:42:24.085+0000] {taskinstance.py:2614} INFO - Dependencies all met for dep_context=requeueable deps ti=<TaskInstance: retail_sales_data_engineering_pipeline.generate_retail_data scheduled__2026-05-20T00:00:00+00:00 [queued]>
[2026-05-21T12:42:24.086+0000] {taskinstance.py:2867} INFO - Starting attempt 1 of 2
[2026-05-21T12:42:24.109+0000] {taskinstance.py:2890} INFO - Executing <Task(BashOperator): generate_retail_data> on 2026-05-20 00:00:00+00:00
[2026-05-21T12:42:24.121+0000] {standard_task_runner.py:72} INFO - Started process 238 to run task
[2026-05-21T12:42:24.128+0000] {standard_task_runner.py:104} INFO - Running: ['***', 'tasks', 'run', 'retail_sales_data_engineering_pipeline', 'generate_retail_data', 'scheduled__2026-05-20T00:00:00+00:00', '--job-id', '2', '--raw', '--subdir', 'DAGS_FOLDER/retail_sales_pipeline_dag.py', '--cfg-path', '/tmp/tmp76kkenqf']
[2026-05-21T12:42:24.138+0000] {standard_task_runner.py:105} INFO - Job 2: Subtask generate_retail_data
[2026-05-21T12:42:24.367+0000] {task_command.py:467} INFO - Running <TaskInstance: retail_sales_data_engineering_pipeline.generate_retail_data scheduled__2026-05-20T00:00:00+00:00 [running]> on host 770bad4cc766
[2026-05-21T12:42:24.609+0000] {taskinstance.py:3134} INFO - Exporting env vars: AIRFLOW_CTX_DAG_OWNER='data_engineering_team' AIRFLOW_CTX_DAG_ID='retail_sales_data_engineering_pipeline' AIRFLOW_CTX_TASK_ID='generate_retail_data' AIRFLOW_CTX_EXECUTION_DATE='2026-05-20T00:00:00+00:00' AIRFLOW_CTX_TRY_NUMBER='1' AIRFLOW_CTX_DAG_RUN_ID='scheduled__2026-05-20T00:00:00+00:00'
[2026-05-21T12:42:24.613+0000] {taskinstance.py:732} INFO - ::endgroup::
[2026-05-21T12:42:25.080+0000] {subprocess.py:78} INFO - Tmp dir root location: /tmp
[2026-05-21T12:42:25.090+0000] {subprocess.py:88} INFO - Running command: ['/usr/bin/bash', '-c', 'cd /opt/***/retail-sales-data-engineering-pipeline && python src/data_generation/generate_retail_data.py']
[2026-05-21T12:42:25.163+0000] {subprocess.py:99} INFO - Output:
[2026-05-21T12:42:29.770+0000] {subprocess.py:106} INFO - Generated file: data/raw/customers.csv | Rows: 500
[2026-05-21T12:42:29.771+0000] {subprocess.py:106} INFO - Generated file: data/raw/products.csv | Rows: 100
[2026-05-21T12:42:29.772+0000] {subprocess.py:106} INFO - Generated file: data/raw/orders.csv | Rows: 1000
[2026-05-21T12:42:29.773+0000] {subprocess.py:106} INFO - Generated file: data/raw/order_items.csv | Rows: 3027
[2026-05-21T12:42:29.774+0000] {subprocess.py:106} INFO - Generated file: data/raw/inventory.csv | Rows: 100
[2026-05-21T12:42:29.775+0000] {subprocess.py:106} INFO - Retail source data generated successfully.
[2026-05-21T12:42:29.964+0000] {subprocess.py:110} INFO - Command exited with return code 0
[2026-05-21T12:42:30.014+0000] {taskinstance.py:341} INFO - ::group::Post task execution logs
[2026-05-21T12:42:30.016+0000] {taskinstance.py:353} INFO - Marking task as SUCCESS. dag_id=retail_sales_data_engineering_pipeline, task_id=generate_retail_data, run_id=scheduled__2026-05-20T00:00:00+00:00, execution_date=20260520T000000, start_date=20260521T124224, end_date=20260521T124230
[2026-05-21T12:42:30.078+0000] {local_task_job_runner.py:266} INFO - Task exited with return code 0
[2026-05-21T12:42:30.120+0000] {taskinstance.py:3901} INFO - 1 downstream tasks scheduled from follow-on schedule check
[2026-05-21T12:42:30.123+0000] {local_task_job_runner.py:245} INFO - ::endgroup::
